// Jest Snapshot v1, https://goo.gl/fbAQLP

exports[`passportFile loading loads valid passport file correctly 1`] = `
Object {
  "certificate_id": "certificateID",
  "issuer": "https://api.hyperone.com/v2/iam/project/projectId/sa/serviceAccountId",
  "private_key": "-----BEGIN RSA PRIVATE KEY-----
MIIEogIBAAKCAQEAuVn89Erb40qoNtvnaZN1oXzqQ3XR6uQxQCuRes6yUbhHU2UX
G/ph9n6/vLOmXybtTnhHuVnDc6IP6LON53LybNuWzHqVszZFDK+kltWOF9Kk6YAO
H7E/wHE3Mgt5a0UQt+kjmyvhaz79qmKJ2NXc92F2Jxbzbn4QcREHbS5CpfdYVBP6
wb6hmc/x6+Ue0oioQmd24XbC5YXoDTiUJUz4BUU09Q0DeXfjsAw9Bbjztp9XJUac
VqIsoZOzwIeVAmDMgbRN2BC7gqqzd1eAdHNYr9Sfzi9mBHrHaOBoonhUvFktvk7l
BowSImSBX3Tv4P6AcYFizfKsL1AYl6oy52htowIDAQABAoIBAH5A5sX8q9UiCHz9
w56tnCW48dWrzqZic43TX5A4dUym6qbKqDgdkFcYNUCzWnNcD68wzSJbG4CLdqy6
icGLEcjGtuxn38qn/9bJWaKIqvZdPIn0+SnrUZKjS8ah/D3uWJn9i4xqEm08Bgvm
fSEfZBl54MJ1prGv20E5KUbciPeE3wo93AVMK9IM1ZLuDxSiRt2VyRP43Jv8nSBq
Bw6sLb9bouSJyY4P+J1ahoUE4pWjJiyykjGNwIpYn5cISGgpXbo4opc8N7iF7lok
RKWRPj6cqKxKrTd/x/LNbJ/wENOSSYHUkQNWwG7wTkMYaw/wxUw/wd8vq30N1+fA
9qnCXVkCgYEA8F5iOLdPO7aTsa8BuMSMAN+Q6qmn3uPkl3p6dM8tQ9oeEX3yKuoy
OuuczHFgCpek6XJ6SBVtxhbeBqYtf7z54SGcN8ujHtq3kaCKSPLg/J3ygH+80/hZ
OoAUxDueY67NKbXX70fqZWGsvRu4mSuaAXp1aj3mWkOkle5vojNkwaUCgYEAxWew
JpjEjQxX3YjbbWznlPkTfd2XV3OEzqSyalGL1uZzIHWUz0go2aujT2+WAQaVqRfM
TorTh87TJCCY/stkpi7/baJputbE8jTtKmuu6GLFWw/Ie+NCowBnIPS+yhl/TTZN
HXx6ZNMzuy8yMLtSuRLyCci81vulDyURrMUkv6cCgYBk+oGw6fFzWIQ7hRXoFUnr
pAAxVQyc6ohBysZfBBo0AxHWr15pAPIRJqI8kPST/pjdKaaNWdNAAKNNj8pVe4JO
Pdxu5DGm6KNtnk/5zW8PMRuLOB6PvileFiijN5iWr/yopSgN8dxasunqmBa44kRU
kql49IAtM3WVNxHWxlhxsQKBgBo+m8u12cPK1U+tp0aYCP3kU3QTZtCImiqC+Plr
mATdJIc3Oq6IMG4oBJFGC5JdVr5hXJdAm7jdhXKzJsQRNHNnoivoQNhHP23YHYPb
Ryi8IPLnWUcnQq+7GPrnrwndc/BG/N+jsf3/mkwTjT+vV+MlIqqsVnbag+pMiloG
58jXAoGACItjoHOYibe3PSHUyZanLIeg1bbwdeikKDkHGfeyrmci1RDH3lRW1pB4
8Fd+4YedHX/vEx+hQYeV0Yx5aKcxQHDYUNT3ERsRNJ+Nl9z8aXQm34nyyABONIV3
tgYrUhu5pPbvJe04MQxPTuO/lnaE/YUaNE5WBNaZCK9lqu+ekG8=
-----END RSA PRIVATE KEY-----
",
  "public_key": "-----BEGIN PUBLIC KEY-----
MIIBIjANBgkqhkiG9w0BAQEFAAOCAQ8AMIIBCgKCAQEAuVn89Erb40qoNtvnaZN1
oXzqQ3XR6uQxQCuRes6yUbhHU2UXG/ph9n6/vLOmXybtTnhHuVnDc6IP6LON53Ly
bNuWzHqVszZFDK+kltWOF9Kk6YAOH7E/wHE3Mgt5a0UQt+kjmyvhaz79qmKJ2NXc
92F2Jxbzbn4QcREHbS5CpfdYVBP6wb6hmc/x6+Ue0oioQmd24XbC5YXoDTiUJUz4
BUU09Q0DeXfjsAw9Bbjztp9XJUacVqIsoZOzwIeVAmDMgbRN2BC7gqqzd1eAdHNY
r9Sfzi9mBHrHaOBoonhUvFktvk7lBowSImSBX3Tv4P6AcYFizfKsL1AYl6oy52ht
owIDAQAB
-----END PUBLIC KEY-----
",
  "subject_id": "/iam/project/projectId/sa/serviceAccountId",
}
`;
